
> netnova@0.1.0 build
> next build

Γû▓ Next.js 16.2.9 (Turbopack)

  Creating an optimized production build ...
node.exe : 
At line:1 char:1
+ & "C:\Program 
Files\nodejs/node.exe" 
"C:\Users\Chingkheingan
ba l\AppD ...
+ ~~~~~~~~~~~~~~~~~~~~~
~~~~~~~~~~~~~~~~~~~~~~~
~~~~~~~~~~~~~~~~~~~~~~~
~~
    + CategoryInfo     
         : NotSpecifi  
  ed: (:String) [],    
 RemoteException
    + FullyQualifiedEr 
   rorId : NativeComm  
  andError
 
> Build error occurred
Error: Turbopack build 
failed with 4 errors:
./src/components/footer
/Footer.tsx:3:1
Export Facebook 
doesn't exist in 
target module
  [90m 1 |[0m 
[36mimport[0m 
[33mLink[0m 
[36mfrom[0m 
[32m"next/link"[0m;
  [90m 2 |[0m 
[36mimport[0m 
[33mImage[0m 
[36mfrom[0m 
[32m"next/image"[0m;
[31m[1m>[0m [90m 3 
|[0m [36mimport[0m {
  [90m   |[0m 
[31m[1m^^^^^^^[0m
[31m[1m>[0m [90m 4 
|[0m   
[33mMapPin[0m,
  [90m   |[0m 
[31m[1m^^^^^^^^^[0m
[31m[1m>[0m [90m 5 
|[0m   [33mPhone[0m,
  [90m   |[0m 
[31m[1m^^^^^^^^[0m
[31m[1m>[0m [90m 6 
|[0m   [33mMail[0m,
  [90m   |[0m 
[31m[1m^^^^^^^[0m
[31m[1m>[0m [90m 7 
|[0m   
[33mLinkedin[0m,
  [90m   |[0m [31m[
1m^^^^^^^^^^^[0m
[31m[1m>[0m [90m 8 
|[0m   
[33mTwitter[0m,
  [90m   |[0m 
[31m[1m^^^^^^^^^^[0m
[31m[1m>[0m [90m 9 
|[0m   
[33mFacebook[0m,
  [90m   |[0m [31m[
1m^^^^^^^^^^^[0m
[31m[1m>[0m [90m10 
|[0m   
[33mInstagram[0m,
  [90m   |[0m [31m[
1m^^^^^^^^^^^^[0m
[31m[1m>[0m [90m11 
|[0m   
[33mArrowUpRight[0m,
  [90m   |[0m [31m[
1m^^^^^^^^^^^^^^^[0m
[31m[1m>[0m [90m12 
|[0m } [36mfrom[0m 
[32m"lucide-react"[0m;
  [90m   |[0m [31m[
1m^^^^^^^^^^^^^^^^^^^^^
^[0m
  [90m13 |[0m
  [90m14 |[0m /* ====
=======================
=================
  [90m15 |[0m    
[33mFooter[0m 
[33mLinks[0m 
[33mConfiguration[0m

The export Facebook 
was not found in 
module [project]/node_m
odules/lucide-react/dis
t/esm/lucide-react.mjs 
[app-rsc] (ecmascript).
Did you mean to import 
Webhook?
All exports of the 
module are statically 
known (It doesn't have 
dynamic exports). So 
it's known statically 
that the requested 
export doesn't exist.

Import trace:
  Server Component:
    ./src/components/fo
oter/Footer.tsx
    
./src/app/layout.tsx


./src/components/footer
/Footer.tsx:3:1
Export Instagram 
doesn't exist in 
target module
  [90m 1 |[0m 
[36mimport[0m 
[33mLink[0m 
[36mfrom[0m 
[32m"next/link"[0m;
  [90m 2 |[0m 
[36mimport[0m 
[33mImage[0m 
[36mfrom[0m 
[32m"next/image"[0m;
[31m[1m>[0m [90m 3 
|[0m [36mimport[0m {
  [90m   |[0m 
[31m[1m^^^^^^^[0m
[31m[1m>[0m [90m 4 
|[0m   
[33mMapPin[0m,
  [90m   |[0m 
[31m[1m^^^^^^^^^[0m
[31m[1m>[0m [90m 5 
|[0m   [33mPhone[0m,
  [90m   |[0m 
[31m[1m^^^^^^^^[0m
[31m[1m>[0m [90m 6 
|[0m   [33mMail[0m,
  [90m   |[0m 
[31m[1m^^^^^^^[0m
[31m[1m>[0m [90m 7 
|[0m   
[33mLinkedin[0m,
  [90m   |[0m [31m[
1m^^^^^^^^^^^[0m
[31m[1m>[0m [90m 8 
|[0m   
[33mTwitter[0m,
  [90m   |[0m 
[31m[1m^^^^^^^^^^[0m
[31m[1m>[0m [90m 9 
|[0m   
[33mFacebook[0m,
  [90m   |[0m [31m[
1m^^^^^^^^^^^[0m
[31m[1m>[0m [90m10 
|[0m   
[33mInstagram[0m,
  [90m   |[0m [31m[
1m^^^^^^^^^^^^[0m
[31m[1m>[0m [90m11 
|[0m   
[33mArrowUpRight[0m,
  [90m   |[0m [31m[
1m^^^^^^^^^^^^^^^[0m
[31m[1m>[0m [90m12 
|[0m } [36mfrom[0m 
[32m"lucide-react"[0m;
  [90m   |[0m [31m[
1m^^^^^^^^^^^^^^^^^^^^^
^[0m
  [90m13 |[0m
  [90m14 |[0m /* ====
=======================
=================
  [90m15 |[0m    
[33mFooter[0m 
[33mLinks[0m 
[33mConfiguration[0m

The export Instagram 
was not found in 
module [project]/node_m
odules/lucide-react/dis
t/esm/lucide-react.mjs 
[app-rsc] (ecmascript).
Did you mean to import 
Star?
All exports of the 
module are statically 
known (It doesn't have 
dynamic exports). So 
it's known statically 
that the requested 
export doesn't exist.

Import trace:
  Server Component:
    ./src/components/fo
oter/Footer.tsx
    
./src/app/layout.tsx


./src/components/footer
/Footer.tsx:3:1
Export Linkedin 
doesn't exist in 
target module
  [90m 1 |[0m 
[36mimport[0m 
[33mLink[0m 
[36mfrom[0m 
[32m"next/link"[0m;
  [90m 2 |[0m 
[36mimport[0m 
[33mImage[0m 
[36mfrom[0m 
[32m"next/image"[0m;
[31m[1m>[0m [90m 3 
|[0m [36mimport[0m {
  [90m   |[0m 
[31m[1m^^^^^^^[0m
[31m[1m>[0m [90m 4 
|[0m   
[33mMapPin[0m,
  [90m   |[0m 
[31m[1m^^^^^^^^^[0m
[31m[1m>[0m [90m 5 
|[0m   [33mPhone[0m,
  [90m   |[0m 
[31m[1m^^^^^^^^[0m
[31m[1m>[0m [90m 6 
|[0m   [33mMail[0m,
  [90m   |[0m 
[31m[1m^^^^^^^[0m
[31m[1m>[0m [90m 7 
|[0m   
[33mLinkedin[0m,
  [90m   |[0m [31m[
1m^^^^^^^^^^^[0m
[31m[1m>[0m [90m 8 
|[0m   
[33mTwitter[0m,
  [90m   |[0m 
[31m[1m^^^^^^^^^^[0m
[31m[1m>[0m [90m 9 
|[0m   
[33mFacebook[0m,
  [90m   |[0m [31m[
1m^^^^^^^^^^^[0m
[31m[1m>[0m [90m10 
|[0m   
[33mInstagram[0m,
  [90m   |[0m [31m[
1m^^^^^^^^^^^^[0m
[31m[1m>[0m [90m11 
|[0m   
[33mArrowUpRight[0m,
  [90m   |[0m [31m[
1m^^^^^^^^^^^^^^^[0m
[31m[1m>[0m [90m12 
|[0m } [36mfrom[0m 
[32m"lucide-react"[0m;
  [90m   |[0m [31m[
1m^^^^^^^^^^^^^^^^^^^^^
^[0m
  [90m13 |[0m
  [90m14 |[0m /* ====
=======================
=================
  [90m15 |[0m    
[33mFooter[0m 
[33mLinks[0m 
[33mConfiguration[0m

The export Linkedin 
was not found in 
module [project]/node_m
odules/lucide-react/dis
t/esm/lucide-react.mjs 
[app-rsc] (ecmascript).
Did you mean to import 
Link?
All exports of the 
module are statically 
known (It doesn't have 
dynamic exports). So 
it's known statically 
that the requested 
export doesn't exist.

Import trace:
  Server Component:
    ./src/components/fo
oter/Footer.tsx
    
./src/app/layout.tsx


./src/components/footer
/Footer.tsx:3:1
Export Twitter doesn't 
exist in target module
  [90m 1 |[0m 
[36mimport[0m 
[33mLink[0m 
[36mfrom[0m 
[32m"next/link"[0m;
  [90m 2 |[0m 
[36mimport[0m 
[33mImage[0m 
[36mfrom[0m 
[32m"next/image"[0m;
[31m[1m>[0m [90m 3 
|[0m [36mimport[0m {
  [90m   |[0m 
[31m[1m^^^^^^^[0m
[31m[1m>[0m [90m 4 
|[0m   
[33mMapPin[0m,
  [90m   |[0m 
[31m[1m^^^^^^^^^[0m
[31m[1m>[0m [90m 5 
|[0m   [33mPhone[0m,
  [90m   |[0m 
[31m[1m^^^^^^^^[0m
[31m[1m>[0m [90m 6 
|[0m   [33mMail[0m,
  [90m   |[0m 
[31m[1m^^^^^^^[0m
[31m[1m>[0m [90m 7 
|[0m   
[33mLinkedin[0m,
  [90m   |[0m [31m[
1m^^^^^^^^^^^[0m
[31m[1m>[0m [90m 8 
|[0m   
[33mTwitter[0m,
  [90m   |[0m 
[31m[1m^^^^^^^^^^[0m
[31m[1m>[0m [90m 9 
|[0m   
[33mFacebook[0m,
  [90m   |[0m [31m[
1m^^^^^^^^^^^[0m
[31m[1m>[0m [90m10 
|[0m   
[33mInstagram[0m,
  [90m   |[0m [31m[
1m^^^^^^^^^^^^[0m
[31m[1m>[0m [90m11 
|[0m   
[33mArrowUpRight[0m,
  [90m   |[0m [31m[
1m^^^^^^^^^^^^^^^[0m
[31m[1m>[0m [90m12 
|[0m } [36mfrom[0m 
[32m"lucide-react"[0m;
  [90m   |[0m [31m[
1m^^^^^^^^^^^^^^^^^^^^^
^[0m
  [90m13 |[0m
  [90m14 |[0m /* ====
=======================
=================
  [90m15 |[0m    
[33mFooter[0m 
[33mLinks[0m 
[33mConfiguration[0m

The export Twitter was 
not found in module [pr
oject]/node_modules/luc
ide-react/dist/esm/luci
de-react.mjs [app-rsc] 
(ecmascript).
Did you mean to import 
Timer?
All exports of the 
module are statically 
known (It doesn't have 
dynamic exports). So 
it's known statically 
that the requested 
export doesn't exist.

Import trace:
  Server Component:
    ./src/components/fo
oter/Footer.tsx
    
./src/app/layout.tsx


    at <unknown> (./src
/components/footer/Foot
er.tsx:3:1)
    at <unknown> (./src
/components/footer/Foot
er.tsx:3:1)
    at <unknown> (./src
/components/footer/Foot
er.tsx:3:1)
    at <unknown> (./src
/components/footer/Foot
er.tsx:3:1)
